2026-07-24 13:33:47,833 [INFO] Starting — topic=urbanpulse.air_quality rate=60/s
2026-07-24 13:33:47,835 [WARNING] NULL AQI — sensor AQ-009 zone Central (fault simulated)
2026-07-24 13:33:47,835 [WARNING] NULL AQI — sensor AQ-007 zone Central (fault simulated)
2026-07-24 13:33:47,835 [WARNING] NULL AQI — sensor AQ-049 zone East (fault simulated)
2026-07-24 13:33:48,837 [WARNING] NULL AQI — sensor AQ-042 zone Central (fault simulated)
2026-07-24 13:33:48,838 [WARNING] NULL AQI — sensor AQ-045 zone East (fault simulated)
2026-07-24 13:33:48,838 [WARNING] NULL AQI — sensor AQ-027 zone East (fault simulated)
2026-07-24 13:33:48,838 [WARNING] NULL AQI — sensor AQ-043 zone North (fault simulated)
2026-07-24 13:33:48,838 [WARNING] NULL AQI — sensor AQ-013 zone North (fault simulated)
2026-07-24 13:33:50,846 [WARNING] NULL AQI — sensor AQ-030 zone West (fault simulated)
2026-07-24 13:33:50,847 [WARNING] NULL AQI — sensor AQ-020 zone East (fault simulated)
2026-07-24 13:33:50,848 [WARNING] NULL AQI — sensor AQ-036 zone East (fault simulated)
2026-07-24 13:33:50,848 [WARNING] NULL AQI — sensor AQ-032 zone East (fault simulated)
2026-07-24 13:33:51,846 [WARNING] NULL AQI — sensor AQ-033 zone East (fault simulated)
2026-07-24 13:33:51,847 [WARNING] NULL AQI — sensor AQ-010 zone North (fault simulated)
2026-07-24 13:33:51,848 [WARNING] NULL AQI — sensor AQ-046 zone South (fault simulated)
2026-07-24 13:33:51,848 [WARNING] NULL AQI — sensor AQ-001 zone East (fault simulated)
2026-07-24 13:33:51,849 [WARNING] NULL AQI — sensor AQ-041 zone North (fault simulated)
2026-07-24 13:33:52,854 [WARNING] NULL AQI — sensor AQ-022 zone Central (fault simulated)
2026-07-24 13:33:53,853 [WARNING] NULL AQI — sensor AQ-021 zone Central (fault simulated)
2026-07-24 13:33:54,857 [WARNING] NULL AQI — sensor AQ-038 zone Central (fault simulated)
2026-07-24 13:33:54,859 [WARNING] NULL AQI — sensor AQ-035 zone Central (fault simulated)
2026-07-24 13:33:54,859 [WARNING] NULL AQI — sensor AQ-021 zone Central (fault simulated)
2026-07-24 13:33:54,860 [WARNING] NULL AQI — sensor AQ-016 zone North (fault simulated)
2026-07-24 13:33:54,860 [WARNING] NULL AQI — sensor AQ-001 zone East (fault simulated)
2026-07-24 13:33:54,861 [WARNING] NULL AQI — sensor AQ-046 zone South (fault simulated)
2026-07-24 13:33:55,862 [WARNING] NULL AQI — sensor AQ-036 zone East (fault simulated)
2026-07-24 13:33:55,864 [WARNING] NULL AQI — sensor AQ-024 zone Central (fault simulated)
2026-07-24 13:33:55,864 [WARNING] NULL AQI — sensor AQ-036 zone East (fault simulated)
2026-07-24 13:33:56,868 [WARNING] NULL AQI — sensor AQ-019 zone Central (fault simulated)
2026-07-24 13:33:57,867 [WARNING] NULL AQI — sensor AQ-012 zone North (fault simulated)
2026-07-24 13:33:57,868 [WARNING] NULL AQI — sensor AQ-023 zone Central (fault simulated)
2026-07-24 13:33:58,871 [WARNING] NULL AQI — sensor AQ-018 zone Central (fault simulated)
2026-07-24 13:33:58,871 [WARNING] NULL AQI — sensor AQ-002 zone South (fault simulated)
2026-07-24 13:33:59,875 [WARNING] NULL AQI — sensor AQ-001 zone East (fault simulated)
2026-07-24 13:33:59,876 [WARNING] NULL AQI — sensor AQ-003 zone East (fault simulated)
2026-07-24 13:33:59,876 [WARNING] NULL AQI — sensor AQ-013 zone North (fault simulated)
2026-07-24 13:33:59,876 [WARNING] NULL AQI — sensor AQ-011 zone East (fault simulated)
2026-07-24 13:33:59,876 [WARNING] NULL AQI — sensor AQ-010 zone North (fault simulated)
2026-07-24 13:33:59,876 [WARNING] NULL AQI — sensor AQ-046 zone South (fault simulated)
2026-07-24 13:34:00,882 [WARNING] NULL AQI — sensor AQ-029 zone East (fault simulated)
2026-07-24 13:34:00,883 [WARNING] NULL AQI — sensor AQ-005 zone North (fault simulated)
2026-07-24 13:34:00,883 [WARNING] NULL AQI — sensor AQ-032 zone East (fault simulated)
2026-07-24 13:34:00,884 [WARNING] NULL AQI — sensor AQ-047 zone East (fault simulated)
2026-07-24 13:34:01,885 [WARNING] NULL AQI — sensor AQ-024 zone Central (fault simulated)
2026-07-24 13:34:01,885 [WARNING] NULL AQI — sensor AQ-024 zone Central (fault simulated)
2026-07-24 13:34:01,896 [WARNING] NULL AQI — sensor AQ-029 zone East (fault simulated)
2026-07-24 13:34:01,897 [WARNING] NULL AQI — sensor AQ-033 zone East (fault simulated)
2026-07-24 13:34:02,885 [WARNING] NULL AQI — sensor AQ-032 zone East (fault simulated)
2026-07-24 13:34:02,887 [WARNING] NULL AQI — sensor AQ-018 zone Central (fault simulated)
2026-07-24 13:34:03,888 [WARNING] NULL AQI — sensor AQ-001 zone East (fault simulated)
2026-07-24 13:34:03,889 [WARNING] NULL AQI — sensor AQ-044 zone East (fault simulated)
2026-07-24 13:34:04,892 [WARNING] NULL AQI — sensor AQ-045 zone East (fault simulated)
2026-07-24 13:34:04,893 [WARNING] NULL AQI — sensor AQ-009 zone Central (fault simulated)
2026-07-24 13:34:05,897 [WARNING] NULL AQI — sensor AQ-012 zone North (fault simulated)
2026-07-24 13:34:05,898 [WARNING] NULL AQI — sensor AQ-034 zone West (fault simulated)
2026-07-24 13:34:05,899 [WARNING] NULL AQI — sensor AQ-013 zone North (fault simulated)
2026-07-24 13:34:06,901 [WARNING] NULL AQI — sensor AQ-017 zone East (fault simulated)
2026-07-24 13:34:06,901 [WARNING] NULL AQI — sensor AQ-024 zone Central (fault simulated)
2026-07-24 13:34:06,902 [WARNING] NULL AQI — sensor AQ-028 zone North (fault simulated)
2026-07-24 13:34:07,903 [WARNING] NULL AQI — sensor AQ-033 zone East (fault simulated)
2026-07-24 13:34:07,903 [WARNING] NULL AQI — sensor AQ-008 zone West (fault simulated)
2026-07-24 13:34:07,904 [WARNING] NULL AQI — sensor AQ-048 zone North (fault simulated)
2026-07-24 13:34:08,906 [WARNING] NULL AQI — sensor AQ-034 zone West (fault simulated)
2026-07-24 13:34:08,907 [WARNING] NULL AQI — sensor AQ-036 zone East (fault simulated)
2026-07-24 13:34:08,908 [WARNING] NULL AQI — sensor AQ-013 zone North (fault simulated)
2026-07-24 13:34:08,908 [WARNING] NULL AQI — sensor AQ-036 zone East (fault simulated)
2026-07-24 13:34:09,910 [WARNING] NULL AQI — sensor AQ-046 zone South (fault simulated)
2026-07-24 13:34:09,910 [WARNING] NULL AQI — sensor AQ-033 zone East (fault simulated)
2026-07-24 13:34:09,910 [WARNING] NULL AQI — sensor AQ-025 zone Central (fault simulated)
2026-07-24 13:34:10,912 [WARNING] NULL AQI — sensor AQ-042 zone Central (fault simulated)
2026-07-24 13:34:10,913 [WARNING] NULL AQI — sensor AQ-016 zone North (fault simulated)
2026-07-24 13:34:10,913 [WARNING] NULL AQI — sensor AQ-045 zone East (fault simulated)
2026-07-24 13:34:10,913 [WARNING] NULL AQI — sensor AQ-020 zone East (fault simulated)
2026-07-24 13:34:11,918 [WARNING] NULL AQI — sensor AQ-023 zone Central (fault simulated)
2026-07-24 13:34:11,918 [WARNING] NULL AQI — sensor AQ-015 zone North (fault simulated)
2026-07-24 13:34:11,919 [WARNING] NULL AQI — sensor AQ-024 zone Central (fault simulated)
2026-07-24 13:34:11,919 [WARNING] NULL AQI — sensor AQ-041 zone North (fault simulated)
2026-07-24 13:34:11,920 [WARNING] NULL AQI — sensor AQ-046 zone South (fault simulated)
2026-07-24 13:34:11,920 [WARNING] NULL AQI — sensor AQ-046 zone South (fault simulated)
2026-07-24 13:34:11,975 [INFO] Keyboard interrupt — flushing...
2026-07-24 13:34:11,975 [INFO] Done.
